2026-07-20 17:12:17,144 | INFO | Folder: files
2026-07-20 17:12:17,145 | INFO | python.py-> Batch_001.py
2026-07-20 17:12:17,151 | INFO | File renamed successfully: python.py->Batch_001.py
2026-07-20 17:12:17,151 | INFO | Folder: files
2026-07-20 17:12:17,152 | INFO | resume.pdf-> Batch_002.pdf
2026-07-20 17:12:17,159 | INFO | File renamed successfully: resume.pdf->Batch_002.pdf
2026-07-20 17:12:17,160 | INFO | Folder: files
2026-07-20 17:12:17,161 | INFO | songs.mp3-> Batch_003.mp3
2026-07-20 17:12:17,169 | INFO | File renamed successfully: songs.mp3->Batch_003.mp3
2026-07-20 17:12:17,172 | INFO | Folder: files\College
2026-07-20 17:12:17,173 | INFO | Assignment.docx-> Batch_004.docx
2026-07-20 17:12:17,183 | INFO | File renamed successfully: Assignment.docx->Batch_004.docx
2026-07-20 17:12:17,185 | INFO | Folder: files\College
2026-07-20 17:12:17,185 | INFO | Notes.pdf-> Batch_005.pdf
2026-07-20 17:12:17,195 | INFO | File renamed successfully: Notes.pdf->Batch_005.pdf
2026-07-20 17:12:17,197 | INFO | Folder: files\MUSIC\Bollywood
2026-07-20 17:12:17,197 | INFO | Song1.mp3-> Batch_006.mp3
2026-07-20 17:12:17,204 | INFO | File renamed successfully: Song1.mp3->Batch_006.mp3
2026-07-20 17:12:17,205 | INFO | Folder: files\MUSIC\Bollywood
2026-07-20 17:12:17,205 | INFO | Song2.mp3-> Batch_007.mp3
2026-07-20 17:12:17,211 | INFO | File renamed successfully: Song2.mp3->Batch_007.mp3
2026-07-20 17:12:17,213 | INFO | Folder: files\MUSIC\Bollywood
2026-07-20 17:12:17,214 | INFO | Song3.mp3-> Batch_008.mp3
2026-07-20 17:12:17,223 | INFO | File renamed successfully: Song3.mp3->Batch_008.mp3
2026-07-20 17:12:17,224 | INFO | Folder: files\MUSIC\English
2026-07-20 17:12:17,224 | INFO | Song4.mp3-> Batch_009.mp3
2026-07-20 17:12:17,228 | INFO | File renamed successfully: Song4.mp3->Batch_009.mp3
2026-07-20 17:12:17,229 | INFO | Folder: files\Projects\Devops
2026-07-20 17:12:17,229 | INFO | Dockerfile-> Batch_010
2026-07-20 17:12:17,233 | INFO | File renamed successfully: Dockerfile->Batch_010
2026-07-20 17:12:17,234 | INFO | Folder: files\Projects\Python
2026-07-20 17:12:17,234 | INFO | Script.py-> Batch_011.py
2026-07-20 17:12:17,236 | INFO | File renamed successfully: Script.py->Batch_011.py
2026-07-20 17:12:17,237 | INFO | Folder: files\Vacation
2026-07-20 17:12:17,237 | INFO | Beach.jpg-> Batch_012.jpg
2026-07-20 17:12:17,241 | INFO | File renamed successfully: Beach.jpg->Batch_012.jpg
2026-07-20 17:12:17,243 | INFO | Folder: files\Vacation
2026-07-20 17:12:17,243 | INFO | Sunset.png-> Batch_013.png
2026-07-20 17:12:17,247 | INFO | File renamed successfully: Sunset.png->Batch_013.png
